// Jest Snapshot v1, https://goo.gl/fbAQLP

exports[`<Pagination /> Should be match to the snapshot 1`] = `
Object {
  "asFragment": [Function],
  "baseElement": <body>
    <div>
      <div
        class="container flex-fill "
        data-testid="pagination"
      >
        <div
          class="row"
        >
          <div
            class="col-xl-3 col-md-2 d-flex flex-fill justify-content-start"
          >
            <label
              data-testid="pagination-page-info"
            >
              1
              -
              1
               of
               
              1
            </label>
          </div>
          <div
            class="col-xl-6 col-md-8 d-flex flex-fill justify-content-center"
          >
            <nav>
              <ul
                class="pagination"
                data-testid="pagination-page-list"
              >
                <li
                  class="page-item disabled"
                  data-testid="pagination-previous-link"
                >
                  <button
                    class="page-link"
                    type="button"
                  >
                    <span
                      aria-hidden="true"
                    >
                      «
                    </span>
                  </button>
                </li>
                <li
                  class="page-item"
                >
                  <span
                    class="page-link active"
                  >
                    1
                  </span>
                </li>
                <li
                  class="page-item disabled"
                  data-testid="pagination-next-link"
                >
                  <button
                    class="page-link"
                    type="button"
                  >
                    <span
                      aria-hidden="true"
                    >
                      »
                    </span>
                  </button>
                </li>
              </ul>
            </nav>
          </div>
          <div
            class="col-xl-3 col-md-2 d-flex flex-fill justify-content-end"
          >
            <label>
              Rows per page:
              <select
                data-testid="pagination-page-size-records"
              >
                <option
                  value="5"
                >
                  5
                </option>
                <option
                  value="10"
                >
                  10
                </option>
                <option
                  value="20"
                >
                  20
                </option>
                <option
                  value="50"
                >
                  50
                </option>
                <option
                  value="100"
                >
                  100
                </option>
              </select>
            </label>
          </div>
        </div>
      </div>
    </div>
  </body>,
  "container": <div>
    <div
      class="container flex-fill "
      data-testid="pagination"
    >
      <div
        class="row"
      >
        <div
          class="col-xl-3 col-md-2 d-flex flex-fill justify-content-start"
        >
          <label
            data-testid="pagination-page-info"
          >
            1
            -
            1
             of
             
            1
          </label>
        </div>
        <div
          class="col-xl-6 col-md-8 d-flex flex-fill justify-content-center"
        >
          <nav>
            <ul
              class="pagination"
              data-testid="pagination-page-list"
            >
              <li
                class="page-item disabled"
                data-testid="pagination-previous-link"
              >
                <button
                  class="page-link"
                  type="button"
                >
                  <span
                    aria-hidden="true"
                  >
                    «
                  </span>
                </button>
              </li>
              <li
                class="page-item"
              >
                <span
                  class="page-link active"
                >
                  1
                </span>
              </li>
              <li
                class="page-item disabled"
                data-testid="pagination-next-link"
              >
                <button
                  class="page-link"
                  type="button"
                >
                  <span
                    aria-hidden="true"
                  >
                    »
                  </span>
                </button>
              </li>
            </ul>
          </nav>
        </div>
        <div
          class="col-xl-3 col-md-2 d-flex flex-fill justify-content-end"
        >
          <label>
            Rows per page:
            <select
              data-testid="pagination-page-size-records"
            >
              <option
                value="5"
              >
                5
              </option>
              <option
                value="10"
              >
                10
              </option>
              <option
                value="20"
              >
                20
              </option>
              <option
                value="50"
              >
                50
              </option>
              <option
                value="100"
              >
                100
              </option>
            </select>
          </label>
        </div>
      </div>
    </div>
  </div>,
  "debug": [Function],
  "findAllByAltText": [Function],
  "findAllByDisplayValue": [Function],
  "findAllByLabelText": [Function],
  "findAllByPlaceholderText": [Function],
  "findAllByRole": [Function],
  "findAllByTestId": [Function],
  "findAllByText": [Function],
  "findAllByTitle": [Function],
  "findByAltText": [Function],
  "findByDisplayValue": [Function],
  "findByLabelText": [Function],
  "findByPlaceholderText": [Function],
  "findByRole": [Function],
  "findByTestId": [Function],
  "findByText": [Function],
  "findByTitle": [Function],
  "getAllByAltText": [Function],
  "getAllByDisplayValue": [Function],
  "getAllByLabelText": [Function],
  "getAllByPlaceholderText": [Function],
  "getAllByRole": [Function],
  "getAllByTestId": [Function],
  "getAllByText": [Function],
  "getAllByTitle": [Function],
  "getByAltText": [Function],
  "getByDisplayValue": [Function],
  "getByLabelText": [Function],
  "getByPlaceholderText": [Function],
  "getByRole": [Function],
  "getByTestId": [Function],
  "getByText": [Function],
  "getByTitle": [Function],
  "queryAllByAltText": [Function],
  "queryAllByDisplayValue": [Function],
  "queryAllByLabelText": [Function],
  "queryAllByPlaceholderText": [Function],
  "queryAllByRole": [Function],
  "queryAllByTestId": [Function],
  "queryAllByText": [Function],
  "queryAllByTitle": [Function],
  "queryByAltText": [Function],
  "queryByDisplayValue": [Function],
  "queryByLabelText": [Function],
  "queryByPlaceholderText": [Function],
  "queryByRole": [Function],
  "queryByTestId": [Function],
  "queryByText": [Function],
  "queryByTitle": [Function],
  "rerender": [Function],
  "unmount": [Function],
}
`;
